Archive member included because of file (symbol)

d:/program files/winavr2010/bin/../lib/gcc/avr/4.3.3/avr4\libgcc.a(_exit.o)
                              d:/program files/winavr2010/bin/../lib/gcc/avr/4.3.3/../../../../avr/lib/avr4/crtm8.o (exit)
d:/program files/winavr2010/bin/../lib/gcc/avr/4.3.3/avr4\libgcc.a(_clear_bss.o)
                              main.o (__do_clear_bss)

Allocating common symbols
Common symbol       size              file

OSPrioHighRdy       0x1               CPU.o
StackIdle           0x32              CPU.o
OSPrioCur           0x1               CPU.o
Task2Stack          0x32              main.o
TCB                 0x10              CPU.o
TEMP_SP             0x2               CPU.o
Task0Stack          0x32              main.o
OSRdyTbl            0x1               CPU.o
IdleCount           0x1               CPU.o
Task1Stack          0x32              main.o

Memory Configuration

Name             Origin             Length             Attributes
text             0x00000000         0x00002000         xr
data             0x00800060         0x0000ffa0         rw !x
eeprom           0x00810000         0x00010000         rw !x
fuse             0x00820000         0x00000400         rw !x
lock             0x00830000         0x00000400         rw !x
signature        0x00840000         0x00000400         rw !x
*default*        0x00000000         0xffffffff

Linker script and memory map

LOAD d:/program files/winavr2010/bin/../lib/gcc/avr/4.3.3/../../../../avr/lib/avr4/crtm8.o
LOAD main.o
LOAD RaysRTOS.o
LOAD CPU_ASM.o
LOAD CPU.o
LOAD d:/program files/winavr2010/bin/../lib/gcc/avr/4.3.3/avr4\libgcc.a
LOAD d:/program files/winavr2010/bin/../lib/gcc/avr/4.3.3/../../../../avr/lib/avr4\libc.a
LOAD d:/program files/winavr2010/bin/../lib/gcc/avr/4.3.3/avr4\libgcc.a

.hash
 *(.hash)

.dynsym
 *(.dynsym)

.dynstr
 *(.dynstr)

.gnu.version
 *(.gnu.version)

.gnu.version_d
 *(.gnu.version_d)

.gnu.version_r
 *(.gnu.version_r)

.rel.init
 *(.rel.init)

.rela.init
 *(.rela.init)

.rel.text
 *(.rel.text)
 *(.rel.text.*)
 *(.rel.gnu.linkonce.t*)

.rela.text
 *(.rela.text)
 *(.rela.text.*)
 *(.rela.gnu.linkonce.t*)

.rel.fini
 *(.rel.fini)

.rela.fini
 *(.rela.fini)

.rel.rodata
 *(.rel.rodata)
 *(.rel.rodata.*)
 *(.rel.gnu.linkonce.r*)

.rela.rodata
 *(.rela.rodata)
 *(.rela.rodata.*)
 *(.rela.gnu.linkonce.r*)

.rel.data
 *(.rel.data)
 *(.rel.data.*)
 *(.rel.gnu.linkonce.d*)

.rela.data
 *(.rela.data)
 *(.rela.data.*)
 *(.rela.gnu.linkonce.d*)

.rel.ctors
 *(.rel.ctors)

.rela.ctors
 *(.rela.ctors)

.rel.dtors
 *(.rel.dtors)

.rela.dtors
 *(.rela.dtors)

.rel.got
 *(.rel.got)

.rela.got
 *(.rela.got)

.rel.bss
 *(.rel.bss)

.rela.bss
 *(.rela.bss)

.rel.plt
 *(.rel.plt)

.rela.plt
 *(.rela.plt)

.text           0x00000000      0x3f8
 *(.vectors)
 .vectors       0x00000000       0x26 d:/program files/winavr2010/bin/../lib/gcc/avr/4.3.3/../../../../avr/lib/avr4/crtm8.o
                0x00000000                __vectors
                0x00000000                __vector_default
 *(.vectors)
 *(.progmem.gcc*)
 *(.progmem*)
                0x00000026                . = ALIGN (0x2)
                0x00000026                __trampolines_start = .
 *(.trampolines)
 .trampolines   0x00000026        0x0 linker stubs
 *(.trampolines*)
                0x00000026                __trampolines_end = .
 *(.jumptables)
 *(.jumptables*)
 *(.lowtext)
 *(.lowtext*)
                0x00000026                __ctors_start = .
 *(.ctors)
                0x00000026                __ctors_end = .
                0x00000026                __dtors_start = .
 *(.dtors)
                0x00000026                __dtors_end = .
 SORT(*)(.ctors)
 SORT(*)(.dtors)
 *(.init0)
 .init0         0x00000026        0x0 d:/program files/winavr2010/bin/../lib/gcc/avr/4.3.3/../../../../avr/lib/avr4/crtm8.o
                0x00000026                __init
 *(.init0)
 *(.init1)
 *(.init1)
 *(.init2)
 .init2         0x00000026        0xc d:/program files/winavr2010/bin/../lib/gcc/avr/4.3.3/../../../../avr/lib/avr4/crtm8.o
 *(.init2)
 *(.init3)
 *(.init3)
 *(.init4)
 .init4         0x00000032       0x10 d:/program files/winavr2010/bin/../lib/gcc/avr/4.3.3/avr4\libgcc.a(_clear_bss.o)
                0x00000032                __do_clear_bss
 *(.init4)
 *(.init5)
 *(.init5)
 *(.init6)
 *(.init6)
 *(.init7)
 *(.init7)
 *(.init8)
 *(.init8)
 *(.init9)
 .init9         0x00000042        0x4 d:/program files/winavr2010/bin/../lib/gcc/avr/4.3.3/../../../../avr/lib/avr4/crtm8.o
 *(.init9)
 *(.text)
 .text          0x00000046        0x2 d:/program files/winavr2010/bin/../lib/gcc/avr/4.3.3/../../../../avr/lib/avr4/crtm8.o
                0x00000046                __vector_1
                0x00000046                __vector_12
                0x00000046                __bad_interrupt
                0x00000046                __vector_6
                0x00000046                __vector_3
                0x00000046                __vector_11
                0x00000046                __vector_13
                0x00000046                __vector_17
                0x00000046                __vector_7
                0x00000046                __vector_5
                0x00000046                __vector_4
                0x00000046                __vector_2
                0x00000046                __vector_15
                0x00000046                __vector_8
                0x00000046                __vector_14
                0x00000046                __vector_10
                0x00000046                __vector_16
                0x00000046                __vector_18
 .text          0x00000048       0x86 main.o
                0x00000048                delays
                0x000000ac                Task1
                0x00000054                main
                0x00000090                Task2
                0x0000004a                delaysss
                0x000000be                Task0
                0x0000004c                TimerInit
 .text          0x000000ce      0x110 RaysRTOS.o
                0x000001ac                RAYS_Start
                0x000000ce                TickIntHook
                0x00000130                Idle_Task
                0x00000146                RAYS_TimeDelay
                0x00000136                RAYS_Init
                0x000001b8                RAYS_TaskCreate
 .text          0x000001de      0x18c CPU_ASM.o
                0x000002a0                OSSched
                0x000001de                __vector_9
 .text          0x0000036a       0x8a CPU.o
                0x000003c8                CPU_OSStart
                0x0000036a                SPPoint
                0x00000386                CPU_TaskCreate
 .text          0x000003f4        0x0 d:/program files/winavr2010/bin/../lib/gcc/avr/4.3.3/avr4\libgcc.a(_exit.o)
 .text          0x000003f4        0x0 d:/program files/winavr2010/bin/../lib/gcc/avr/4.3.3/avr4\libgcc.a(_clear_bss.o)
                0x000003f4                . = ALIGN (0x2)
 *(.text.*)
 .text.libgcc   0x000003f4        0x0 d:/program files/winavr2010/bin/../lib/gcc/avr/4.3.3/avr4\libgcc.a(_exit.o)
 .text.libgcc   0x000003f4        0x0 d:/program files/winavr2010/bin/../lib/gcc/avr/4.3.3/avr4\libgcc.a(_clear_bss.o)
                0x000003f4                . = ALIGN (0x2)
 *(.fini9)
 .fini9         0x000003f4        0x0 d:/program files/winavr2010/bin/../lib/gcc/avr/4.3.3/avr4\libgcc.a(_exit.o)
                0x000003f4                exit
                0x000003f4                _exit
 *(.fini9)
 *(.fini8)
 *(.fini8)
 *(.fini7)
 *(.fini7)
 *(.fini6)
 *(.fini6)
 *(.fini5)
 *(.fini5)
 *(.fini4)
 *(.fini4)
 *(.fini3)
 *(.fini3)
 *(.fini2)
 *(.fini2)
 *(.fini1)
 *(.fini1)
 *(.fini0)
 .fini0         0x000003f4        0x4 d:/program files/winavr2010/bin/../lib/gcc/avr/4.3.3/avr4\libgcc.a(_exit.o)
 *(.fini0)
                0x000003f8                _etext = .

.data           0x00800060        0x0 load address 0x000003f8
                0x00800060                PROVIDE (__data_start, .)
 *(.data)
 .data          0x00800060        0x0 d:/program files/winavr2010/bin/../lib/gcc/avr/4.3.3/../../../../avr/lib/avr4/crtm8.o
 .data          0x00800060        0x0 main.o
 .data          0x00800060        0x0 RaysRTOS.o
 .data          0x00800060        0x0 CPU_ASM.o
 .data          0x00800060        0x0 CPU.o
 .data          0x00800060        0x0 d:/program files/winavr2010/bin/../lib/gcc/avr/4.3.3/avr4\libgcc.a(_exit.o)
 .data          0x00800060        0x0 d:/program files/winavr2010/bin/../lib/gcc/avr/4.3.3/avr4\libgcc.a(_clear_bss.o)
 *(.data*)
 *(.rodata)
 *(.rodata*)
 *(.gnu.linkonce.d*)
                0x00800060                . = ALIGN (0x2)
                0x00800060                _edata = .
                0x00800060                PROVIDE (__data_end, .)

.bss            0x00800060       0xde
                0x00800060                PROVIDE (__bss_start, .)
 *(.bss)
 .bss           0x00800060        0x0 d:/program files/winavr2010/bin/../lib/gcc/avr/4.3.3/../../../../avr/lib/avr4/crtm8.o
 .bss           0x00800060        0x0 main.o
 .bss           0x00800060        0x0 RaysRTOS.o
 .bss           0x00800060        0x0 CPU_ASM.o
 .bss           0x00800060        0x0 CPU.o
 .bss           0x00800060        0x0 d:/program files/winavr2010/bin/../lib/gcc/avr/4.3.3/avr4\libgcc.a(_exit.o)
 .bss           0x00800060        0x0 d:/program files/winavr2010/bin/../lib/gcc/avr/4.3.3/avr4\libgcc.a(_clear_bss.o)
 *(.bss*)
 *(COMMON)
 COMMON         0x00800060       0x96 main.o
                0x00800060                Task2Stack
                0x00800092                Task0Stack
                0x008000c4                Task1Stack
 COMMON         0x008000f6       0x48 CPU.o
                0x008000f6                OSPrioHighRdy
                0x008000f7                StackIdle
                0x00800129                OSPrioCur
                0x0080012a                TCB
                0x0080013a                TEMP_SP
                0x0080013c                OSRdyTbl
                0x0080013d                IdleCount
                0x0080013e                PROVIDE (__bss_end, .)
                0x000003f8                __data_load_start = LOADADDR (.data)
                0x000003f8                __data_load_end = (__data_load_start + SIZEOF (.data))

.noinit         0x0080013e        0x0
                0x0080013e                PROVIDE (__noinit_start, .)
 *(.noinit*)
                0x0080013e                PROVIDE (__noinit_end, .)
                0x0080013e                _end = .
                0x0080013e                PROVIDE (__heap_start, .)

.eeprom         0x00810000        0x0
 *(.eeprom*)
                0x00810000                __eeprom_end = .

.fuse
 *(.fuse)
 *(.lfuse)
 *(.hfuse)
 *(.efuse)

.lock
 *(.lock*)

.signature
 *(.signature*)

.stab
 *(.stab)

.stabstr
 *(.stabstr)

.stab.excl
 *(.stab.excl)

.stab.exclstr
 *(.stab.exclstr)

.stab.index
 *(.stab.index)

.stab.indexstr
 *(.stab.indexstr)

.comment
 *(.comment)

.debug
 *(.debug)

.line
 *(.line)

.debug_srcinfo
 *(.debug_srcinfo)

.debug_sfnames
 *(.debug_sfnames)

.debug_aranges  0x00000000       0x80
 *(.debug_aranges)
 .debug_aranges
                0x00000000       0x20 main.o
 .debug_aranges
                0x00000020       0x20 RaysRTOS.o
 .debug_aranges
                0x00000040       0x20 CPU_ASM.o
 .debug_aranges
                0x00000060       0x20 CPU.o

.debug_pubnames
                0x00000000      0x1cb
 *(.debug_pubnames)
 .debug_pubnames
                0x00000000       0x8c main.o
 .debug_pubnames
                0x0000008c       0x74 RaysRTOS.o
 .debug_pubnames
                0x00000100       0x2d CPU_ASM.o
 .debug_pubnames
                0x0000012d       0x9e CPU.o

.debug_info     0x00000000      0x66f
 *(.debug_info)
 .debug_info    0x00000000      0x1c0 main.o
 .debug_info    0x000001c0      0x207 RaysRTOS.o
 .debug_info    0x000003c7       0xd3 CPU_ASM.o
 .debug_info    0x0000049a      0x1d5 CPU.o
 *(.gnu.linkonce.wi.*)

.debug_abbrev   0x00000000      0x374
 *(.debug_abbrev)
 .debug_abbrev  0x00000000      0x12d main.o
 .debug_abbrev  0x0000012d       0xec RaysRTOS.o
 .debug_abbrev  0x00000219       0x6f CPU_ASM.o
 .debug_abbrev  0x00000288       0xec CPU.o

.debug_line     0x00000000      0x925
 *(.debug_line)
 .debug_line    0x00000000      0x18d main.o
 .debug_line    0x0000018d      0x1bd RaysRTOS.o
 .debug_line    0x0000034a      0x495 CPU_ASM.o
 .debug_line    0x000007df      0x146 CPU.o

.debug_frame    0x00000000      0x160
 *(.debug_frame)
 .debug_frame   0x00000000       0x80 main.o
 .debug_frame   0x00000080       0x70 RaysRTOS.o
 .debug_frame   0x000000f0       0x30 CPU_ASM.o
 .debug_frame   0x00000120       0x40 CPU.o

.debug_str      0x00000000      0x24c
 *(.debug_str)
 .debug_str     0x00000000       0xcc main.o
                                0x105 (size before relaxing)
 .debug_str     0x000000cc       0xf7 RaysRTOS.o
                                0x1a5 (size before relaxing)
 .debug_str     0x000001c3       0x3a CPU_ASM.o
                                0x102 (size before relaxing)
 .debug_str     0x000001fd       0x4f CPU.o
                                0x163 (size before relaxing)

.debug_loc      0x00000000      0x1a0
 *(.debug_loc)
 .debug_loc     0x00000000      0x12d RaysRTOS.o
 .debug_loc     0x0000012d       0x73 CPU.o

.debug_macinfo
 *(.debug_macinfo)
OUTPUT(RaySRTOS.elf elf32-avr)
LOAD linker stubs
